分布式训练: rank=0, world_size=1, local_rank=0
日志文件: logs/train_20260517_024408.log
从epoch 129 恢复训练
Epoch [130/400] 第1批数据获取耗时: 1.67s
Epoch [130/400] Batch [20/925] G: 0.0738 (enc: 0.1967, dec: 0.0325, adv: 2.8429) D: (cover: 0.2859, enc: 0.0740) PSNR: 38.89dB
Epoch [130/400] Batch [40/925] G: 0.0720 (enc: 0.1995, dec: 0.0317, adv: 2.5444) D: (cover: 0.0874, enc: 0.1052) PSNR: 38.80dB
Epoch [130/400] Batch [60/925] G: 0.0788 (enc: 0.1943, dec: 0.0350, adv: 3.0064) D: (cover: 0.0825, enc: 0.0990) PSNR: 38.82dB
Epoch [130/400] Batch [80/925] G: 0.0829 (enc: 0.1926, dec: 0.0365, adv: 4.1299) D: (cover: 0.4037, enc: 0.0996) PSNR: 38.79dB
Epoch [130/400] Batch [100/925] G: 0.0822 (enc: 0.1892, dec: 0.0363, adv: 3.9581) D: (cover: 1.0384, enc: 0.0725) PSNR: 38.94dB
Epoch [130/400] Batch [120/925] G: 0.0806 (enc: 0.1968, dec: 0.0355, adv: 3.6665) D: (cover: 0.6991, enc: 0.1272) PSNR: 38.70dB
Epoch [130/400] Batch [140/925] G: 0.0802 (enc: 0.1955, dec: 0.0354, adv: 3.5077) D: (cover: 0.4424, enc: 0.0792) PSNR: 38.74dB
Epoch [130/400] Batch [160/925] G: 0.0782 (enc: 0.1999, dec: 0.0347, adv: 2.8542) D: (cover: 0.1497, enc: 0.1308) PSNR: 38.66dB
Epoch [130/400] Batch [180/925] G: 0.0806 (enc: 0.1873, dec: 0.0360, adv: 2.9800) D: (cover: 0.4816, enc: 0.0935) PSNR: 39.04dB
训练异常退出: DataLoader worker (pid 110675) is killed by signal: Terminated. 
Traceback (most recent call last):
  File "/mnt/code/Watermark/train.py", line 497, in train
    run_training(model, discriminator, train_loader, val_loader, loss_fn,
    ~~~~~~~~~~~~^^^^^^^^^^^^^^^^^^^^^^^^^^^^^^^^^^^^^^^^^^^^^^^^^^^^^^^^^
                 optimizer_enc_dec, optimizer_discrim, train_sampler)
                 ^^^^^^^^^^^^^^^^^^^^^^^^^^^^^^^^^^^^^^^^^^^^^^^^^^^^
  File "/mnt/code/Watermark/train.py", line 366, in run_training
    train_avg_loss = train_one_epoch(epoch, model, discriminator, train_loader, loss_fn,
                                     optimizer_enc_dec, optimizer_discrim, train_sampler)
  File "/mnt/code/Watermark/train.py", line 224, in train_one_epoch
    compute_step(model, discriminator, loss_fn, img, msg,
    ~~~~~~~~~~~~^^^^^^^^^^^^^^^^^^^^^^^^^^^^^^^^^^^^^^^^^
                 optimizer_enc_dec=optimizer_enc_dec,
                 ^^^^^^^^^^^^^^^^^^^^^^^^^^^^^^^^^^^^
                 optimizer_discrim=optimizer_discrim)
                 ^^^^^^^^^^^^^^^^^^^^^^^^^^^^^^^^^^^^
  File "/mnt/code/Watermark/train.py", line 174, in compute_step
    g_loss.backward()
    ~~~~~~~~~~~~~~~^^
  File "/root/miniconda3/lib/python3.13/site-packages/torch/_tensor.py", line 625, in backward
    torch.autograd.backward(
    ~~~~~~~~~~~~~~~~~~~~~~~^
        self, gradient, retain_graph, create_graph, inputs=inputs
        ^^^^^^^^^^^^^^^^^^^^^^^^^^^^^^^^^^^^^^^^^^^^^^^^^^^^^^^^^
    )
    ^
  File "/root/miniconda3/lib/python3.13/site-packages/torch/autograd/__init__.py", line 354, in backward
    _engine_run_backward(
    ~~~~~~~~~~~~~~~~~~~~^
        tensors,
        ^^^^^^^^
    ...<5 lines>...
        accumulate_grad=True,
        ^^^^^^^^^^^^^^^^^^^^^
    )
    ^
  File "/root/miniconda3/lib/python3.13/site-packages/torch/autograd/graph.py", line 841, in _engine_run_backward
    return Variable._execution_engine.run_backward(  # Calls into the C++ engine to run the backward pass
           ~~~~~~~~~~~~~~~~~~~~~~~~~~~~~~~~~~~~~~~^^^^^^^^^^^^^^^^^^^^^^^^^^^^^^^^^^^^^^^^^^^^^^^^^^^^^^^
        t_outputs, *args, **kwargs
        ^^^^^^^^^^^^^^^^^^^^^^^^^^
    )  # Calls into the C++ engine to run the backward pass
    ^
  File "/root/miniconda3/lib/python3.13/site-packages/torch/utils/data/_utils/signal_handling.py", line 73, in handler
    _error_if_any_worker_fails()
    ~~~~~~~~~~~~~~~~~~~~~~~~~~^^
RuntimeError: DataLoader worker (pid 110675) is killed by signal: Terminated. 
