分布式训练: rank=0, world_size=1, local_rank=0
日志文件: logs/train_20260517_024706.log
从epoch 129 恢复训练
Epoch [130/400] 第1批数据获取耗时: 1.05s
Epoch [130/400] Batch [20/925] G: 0.0761 (enc: 0.1926, dec: 0.0329, adv: 4.5108) D: (cover: 1.0895, enc: 0.0788) PSNR: 38.87dB
Epoch [130/400] Batch [40/925] G: 0.0826 (enc: 0.1953, dec: 0.0364, adv: 3.9001) D: (cover: 0.7644, enc: 0.1046) PSNR: 38.88dB
Epoch [130/400] Batch [60/925] G: 0.0804 (enc: 0.1924, dec: 0.0359, adv: 2.8693) D: (cover: 0.2463, enc: 0.1985) PSNR: 38.80dB
Epoch [130/400] Batch [80/925] G: 0.0785 (enc: 0.2013, dec: 0.0346, adv: 3.2405) D: (cover: 0.1538, enc: 0.1098) PSNR: 38.74dB
Epoch [130/400] Batch [100/925] G: 0.0865 (enc: 0.1904, dec: 0.0390, adv: 2.7780) D: (cover: 0.2809, enc: 0.1046) PSNR: 38.89dB
Epoch [130/400] Batch [120/925] G: 0.0848 (enc: 0.1991, dec: 0.0377, adv: 3.4859) D: (cover: 0.1835, enc: 0.0779) PSNR: 38.69dB
Epoch [130/400] Batch [140/925] G: 0.0872 (enc: 0.1982, dec: 0.0392, adv: 2.8795) D: (cover: 0.1622, enc: 0.0999) PSNR: 38.64dB
Epoch [130/400] Batch [160/925] G: 0.0776 (enc: 0.1969, dec: 0.0348, adv: 2.1089) D: (cover: 0.0817, enc: 0.1735) PSNR: 38.85dB
Epoch [130/400] Batch [180/925] G: 0.0798 (enc: 0.1932, dec: 0.0356, adv: 2.7214) D: (cover: 0.2442, enc: 0.1074) PSNR: 38.77dB
Epoch [130/400] Batch [200/925] G: 0.0720 (enc: 0.1980, dec: 0.0323, adv: 1.4586) D: (cover: 0.0765, enc: 0.3465) PSNR: 38.40dB
Epoch [130/400] Batch [220/925] G: 0.0903 (enc: 0.2040, dec: 0.0413, adv: 1.5209) D: (cover: 0.0717, enc: 0.3252) PSNR: 38.33dB
Epoch [130/400] Batch [240/925] G: 0.0747 (enc: 0.2054, dec: 0.0337, adv: 1.0462) D: (cover: 0.1177, enc: 1.0155) PSNR: 37.46dB
Epoch [130/400] Batch [260/925] G: 0.0750 (enc: 0.2175, dec: 0.0337, adv: 1.0317) D: (cover: 0.0854, enc: 2.2379) PSNR: 36.66dB
Epoch [130/400] Batch [280/925] G: 0.0721 (enc: 0.2151, dec: 0.0322, adv: 1.2021) D: (cover: 0.1457, enc: 1.4007) PSNR: 36.57dB
Epoch [130/400] Batch [300/925] G: 0.0689 (enc: 0.2108, dec: 0.0305, adv: 1.5211) D: (cover: 0.2304, enc: 1.2110) PSNR: 36.12dB
训练异常退出: DataLoader worker (pid 111765) is killed by signal: Terminated. 
Traceback (most recent call last):
  File "/mnt/code/Watermark/train.py", line 497, in train
    run_training(model, discriminator, train_loader, val_loader, loss_fn,
    ~~~~~~~~~~~~^^^^^^^^^^^^^^^^^^^^^^^^^^^^^^^^^^^^^^^^^^^^^^^^^^^^^^^^^
                 optimizer_enc_dec, optimizer_discrim, train_sampler)
                 ^^^^^^^^^^^^^^^^^^^^^^^^^^^^^^^^^^^^^^^^^^^^^^^^^^^^
  File "/mnt/code/Watermark/train.py", line 366, in run_training
    train_avg_loss = train_one_epoch(epoch, model, discriminator, train_loader, loss_fn,
                                     optimizer_enc_dec, optimizer_discrim, train_sampler)
  File "/mnt/code/Watermark/train.py", line 224, in train_one_epoch
    compute_step(model, discriminator, loss_fn, img, msg,
    ~~~~~~~~~~~~^^^^^^^^^^^^^^^^^^^^^^^^^^^^^^^^^^^^^^^^^
                 optimizer_enc_dec=optimizer_enc_dec,
                 ^^^^^^^^^^^^^^^^^^^^^^^^^^^^^^^^^^^^
                 optimizer_discrim=optimizer_discrim)
                 ^^^^^^^^^^^^^^^^^^^^^^^^^^^^^^^^^^^^
  File "/mnt/code/Watermark/train.py", line 176, in compute_step
    optimizer_enc_dec.step()
    ~~~~~~~~~~~~~~~~~~~~~~^^
  File "/root/miniconda3/lib/python3.13/site-packages/torch/optim/optimizer.py", line 517, in wrapper
    out = func(*args, **kwargs)
  File "/root/miniconda3/lib/python3.13/site-packages/torch/optim/optimizer.py", line 82, in _use_grad
    ret = func(*args, **kwargs)
  File "/root/miniconda3/lib/python3.13/site-packages/torch/optim/adam.py", line 247, in step
    adam(
    ~~~~^
        params_with_grad,
        ^^^^^^^^^^^^^^^^^
    ...<19 lines>...
        decoupled_weight_decay=group["decoupled_weight_decay"],
        ^^^^^^^^^^^^^^^^^^^^^^^^^^^^^^^^^^^^^^^^^^^^^^^^^^^^^^^
    )
    ^
  File "/root/miniconda3/lib/python3.13/site-packages/torch/optim/optimizer.py", line 150, in maybe_fallback
    return func(*args, **kwargs)
  File "/root/miniconda3/lib/python3.13/site-packages/torch/optim/adam.py", line 953, in adam
    func(
    ~~~~^
        params,
        ^^^^^^^
    ...<17 lines>...
        decoupled_weight_decay=decoupled_weight_decay,
        ^^^^^^^^^^^^^^^^^^^^^^^^^^^^^^^^^^^^^^^^^^^^^^
    )
    ^
  File "/root/miniconda3/lib/python3.13/site-packages/torch/optim/adam.py", line 759, in _multi_tensor_adam
    1 - beta1 ** _get_value(step) for step in device_state_steps
                 ~~~~~~~~~~^^^^^^
  File "/root/miniconda3/lib/python3.13/site-packages/torch/optim/optimizer.py", line 97, in _get_value
    return x.item() if isinstance(x, torch.Tensor) else x
           ~~~~~~^^
  File "/root/miniconda3/lib/python3.13/site-packages/torch/utils/data/_utils/signal_handling.py", line 73, in handler
    _error_if_any_worker_fails()
    ~~~~~~~~~~~~~~~~~~~~~~~~~~^^
RuntimeError: DataLoader worker (pid 111765) is killed by signal: Terminated. 
