分布式训练: rank=0, world_size=1, local_rank=0
日志文件: logs/train_20260502_035526.log
从epoch 39 恢复训练
Epoch [40/400] 第1批数据获取耗时: 1.15s
Epoch [40/400] Batch [20/925] G: 0.1979 (enc: 0.1054, dec: 0.1934, adv: 1.3285) D: (cover: 0.5078, enc: 0.3863) PSNR: 41.75dB
Epoch [40/400] Batch [40/925] G: 0.1981 (enc: 0.0881, dec: 0.1944, adv: 1.0180) D: (cover: 1.1346, enc: 0.3231) PSNR: 42.98dB
Epoch [40/400] Batch [60/925] G: 0.1936 (enc: 0.0853, dec: 0.1904, adv: 0.6999) D: (cover: 0.7311, enc: 0.6820) PSNR: 43.87dB
Epoch [40/400] Batch [80/925] G: 0.1880 (enc: 0.0787, dec: 0.1849, adv: 0.7544) D: (cover: 0.6378, enc: 0.6213) PSNR: 43.67dB
Epoch [40/400] Batch [100/925] G: 0.1853 (enc: 0.0766, dec: 0.1821, adv: 0.8410) D: (cover: 0.8104, enc: 0.5600) PSNR: 43.83dB
Epoch [40/400] Batch [120/925] G: 0.1909 (enc: 0.0856, dec: 0.1877, adv: 0.6539) D: (cover: 0.4815, enc: 0.8107) PSNR: 43.65dB
Epoch [40/400] Batch [140/925] G: 0.1875 (enc: 0.0844, dec: 0.1838, adv: 1.0749) D: (cover: 0.7157, enc: 0.5544) PSNR: 43.21dB
Epoch [40/400] Batch [160/925] G: 0.1923 (enc: 0.0843, dec: 0.1889, adv: 0.8717) D: (cover: 0.8393, enc: 0.4675) PSNR: 43.20dB
Epoch [40/400] Batch [180/925] G: 0.1891 (enc: 0.0853, dec: 0.1859, adv: 0.5975) D: (cover: 0.8539, enc: 0.5200) PSNR: 42.73dB
训练异常退出: DataLoader worker (pid 44003) is killed by signal: Terminated. 
Traceback (most recent call last):
  File "/mnt/code/Watermark/train.py", line 485, in train
    run_training(model, discriminator, train_loader, val_loader, loss_fn,
    ~~~~~~~~~~~~^^^^^^^^^^^^^^^^^^^^^^^^^^^^^^^^^^^^^^^^^^^^^^^^^^^^^^^^^
                 optimizer_enc_dec, optimizer_discrim, train_sampler)
                 ^^^^^^^^^^^^^^^^^^^^^^^^^^^^^^^^^^^^^^^^^^^^^^^^^^^^
  File "/mnt/code/Watermark/train.py", line 354, in run_training
    train_avg_loss = train_one_epoch(epoch, model, discriminator, train_loader, loss_fn,
                                     optimizer_enc_dec, optimizer_discrim, train_sampler)
  File "/mnt/code/Watermark/train.py", line 212, in train_one_epoch
    compute_step(model, discriminator, loss_fn, img, msg,
    ~~~~~~~~~~~~^^^^^^^^^^^^^^^^^^^^^^^^^^^^^^^^^^^^^^^^^
                 optimizer_enc_dec=optimizer_enc_dec,
                 ^^^^^^^^^^^^^^^^^^^^^^^^^^^^^^^^^^^^
                 optimizer_discrim=optimizer_discrim)
                 ^^^^^^^^^^^^^^^^^^^^^^^^^^^^^^^^^^^^
  File "/mnt/code/Watermark/train.py", line 164, in compute_step
    optimizer_enc_dec.step()
    ~~~~~~~~~~~~~~~~~~~~~~^^
  File "/root/miniconda3/lib/python3.13/site-packages/torch/optim/optimizer.py", line 517, in wrapper
    out = func(*args, **kwargs)
  File "/root/miniconda3/lib/python3.13/site-packages/torch/optim/optimizer.py", line 82, in _use_grad
    ret = func(*args, **kwargs)
  File "/root/miniconda3/lib/python3.13/site-packages/torch/optim/adam.py", line 247, in step
    adam(
    ~~~~^
        params_with_grad,
        ^^^^^^^^^^^^^^^^^
    ...<19 lines>...
        decoupled_weight_decay=group["decoupled_weight_decay"],
        ^^^^^^^^^^^^^^^^^^^^^^^^^^^^^^^^^^^^^^^^^^^^^^^^^^^^^^^
    )
    ^
  File "/root/miniconda3/lib/python3.13/site-packages/torch/optim/optimizer.py", line 150, in maybe_fallback
    return func(*args, **kwargs)
  File "/root/miniconda3/lib/python3.13/site-packages/torch/optim/adam.py", line 953, in adam
    func(
    ~~~~^
        params,
        ^^^^^^^
    ...<17 lines>...
        decoupled_weight_decay=decoupled_weight_decay,
        ^^^^^^^^^^^^^^^^^^^^^^^^^^^^^^^^^^^^^^^^^^^^^^
    )
    ^
  File "/root/miniconda3/lib/python3.13/site-packages/torch/optim/adam.py", line 759, in _multi_tensor_adam
    1 - beta1 ** _get_value(step) for step in device_state_steps
                 ~~~~~~~~~~^^^^^^
  File "/root/miniconda3/lib/python3.13/site-packages/torch/optim/optimizer.py", line 97, in _get_value
    return x.item() if isinstance(x, torch.Tensor) else x
           ~~~~~~^^
  File "/root/miniconda3/lib/python3.13/site-packages/torch/utils/data/_utils/signal_handling.py", line 73, in handler
    _error_if_any_worker_fails()
    ~~~~~~~~~~~~~~~~~~~~~~~~~~^^
RuntimeError: DataLoader worker (pid 44003) is killed by signal: Terminated. 
