分布式训练: rank=0, world_size=1, local_rank=0
日志文件: logs/train_20260501_224715.log
从epoch 24 恢复训练
Epoch [25/400] 第1批数据获取耗时: 2.17s
训练异常退出: CUDA out of memory. Tried to allocate 626.00 MiB. GPU 0 has a total capacity of 44.40 GiB of which 235.00 MiB is free. Process 4906 has 30.12 GiB memory in use. Including non-PyTorch memory, this process has 14.03 GiB memory in use. Of the allocated memory 12.81 GiB is allocated by PyTorch, and 437.63 MiB is reserved by PyTorch but unallocated. If reserved but unallocated memory is large try setting PYTORCH_CUDA_ALLOC_CONF=expandable_segments:True to avoid fragmentation.  See documentation for Memory Management  (https://pytorch.org/docs/stable/notes/cuda.html#environment-variables)
Traceback (most recent call last):
  File "/mnt/code/Watermark/train.py", line 485, in train
    run_training(model, discriminator, train_loader, val_loader, loss_fn,
    ~~~~~~~~~~~~^^^^^^^^^^^^^^^^^^^^^^^^^^^^^^^^^^^^^^^^^^^^^^^^^^^^^^^^^
                 optimizer_enc_dec, optimizer_discrim, train_sampler)
                 ^^^^^^^^^^^^^^^^^^^^^^^^^^^^^^^^^^^^^^^^^^^^^^^^^^^^
  File "/mnt/code/Watermark/train.py", line 354, in run_training
    train_avg_loss = train_one_epoch(epoch, model, discriminator, train_loader, loss_fn,
                                     optimizer_enc_dec, optimizer_discrim, train_sampler)
  File "/mnt/code/Watermark/train.py", line 212, in train_one_epoch
    compute_step(model, discriminator, loss_fn, img, msg,
    ~~~~~~~~~~~~^^^^^^^^^^^^^^^^^^^^^^^^^^^^^^^^^^^^^^^^^
                 optimizer_enc_dec=optimizer_enc_dec,
                 ^^^^^^^^^^^^^^^^^^^^^^^^^^^^^^^^^^^^
                 optimizer_discrim=optimizer_discrim)
                 ^^^^^^^^^^^^^^^^^^^^^^^^^^^^^^^^^^^^
  File "/mnt/code/Watermark/train.py", line 134, in compute_step
    out_img, noisy_img, out_msg = encoder_decoder(img, msg)
                                  ~~~~~~~~~~~~~~~^^^^^^^^^^
  File "/root/miniconda3/lib/python3.13/site-packages/torch/nn/modules/module.py", line 1775, in _wrapped_call_impl
    return self._call_impl(*args, **kwargs)
           ~~~~~~~~~~~~~~~^^^^^^^^^^^^^^^^^
  File "/root/miniconda3/lib/python3.13/site-packages/torch/nn/modules/module.py", line 1786, in _call_impl
    return forward_call(*args, **kwargs)
  File "/root/miniconda3/lib/python3.13/site-packages/torch/nn/parallel/distributed.py", line 1661, in forward
    else self._run_ddp_forward(*inputs, **kwargs)
         ~~~~~~~~~~~~~~~~~~~~~^^^^^^^^^^^^^^^^^^^
  File "/root/miniconda3/lib/python3.13/site-packages/torch/nn/parallel/distributed.py", line 1487, in _run_ddp_forward
    return self.module(*inputs, **kwargs)  # type: ignore[index]
           ~~~~~~~~~~~^^^^^^^^^^^^^^^^^^^
  File "/root/miniconda3/lib/python3.13/site-packages/torch/nn/modules/module.py", line 1775, in _wrapped_call_impl
    return self._call_impl(*args, **kwargs)
           ~~~~~~~~~~~~~~~^^^^^^^^^^^^^^^^^
  File "/root/miniconda3/lib/python3.13/site-packages/torch/nn/modules/module.py", line 1786, in _call_impl
    return forward_call(*args, **kwargs)
  File "/mnt/code/Watermark/model/encoder_decoder.py", line 17, in forward
    decoded_message = self.decoder(noisy_image)
  File "/root/miniconda3/lib/python3.13/site-packages/torch/nn/modules/module.py", line 1775, in _wrapped_call_impl
    return self._call_impl(*args, **kwargs)
           ~~~~~~~~~~~~~~~^^^^^^^^^^^^^^^^^
  File "/root/miniconda3/lib/python3.13/site-packages/torch/nn/modules/module.py", line 1786, in _call_impl
    return forward_call(*args, **kwargs)
  File "/mnt/code/Watermark/model/decoder.py", line 23, in forward
    x = self.layers(image)
  File "/root/miniconda3/lib/python3.13/site-packages/torch/nn/modules/module.py", line 1775, in _wrapped_call_impl
    return self._call_impl(*args, **kwargs)
           ~~~~~~~~~~~~~~~^^^^^^^^^^^^^^^^^
  File "/root/miniconda3/lib/python3.13/site-packages/torch/nn/modules/module.py", line 1786, in _call_impl
    return forward_call(*args, **kwargs)
  File "/root/miniconda3/lib/python3.13/site-packages/torch/nn/modules/container.py", line 250, in forward
    input = module(input)
  File "/root/miniconda3/lib/python3.13/site-packages/torch/nn/modules/module.py", line 1775, in _wrapped_call_impl
    return self._call_impl(*args, **kwargs)
           ~~~~~~~~~~~~~~~^^^^^^^^^^^^^^^^^
  File "/root/miniconda3/lib/python3.13/site-packages/torch/nn/modules/module.py", line 1786, in _call_impl
    return forward_call(*args, **kwargs)
  File "/mnt/code/Watermark/model/conv_bn_relu.py", line 13, in forward
    return self.layers(x)
           ~~~~~~~~~~~^^^
  File "/root/miniconda3/lib/python3.13/site-packages/torch/nn/modules/module.py", line 1775, in _wrapped_call_impl
    return self._call_impl(*args, **kwargs)
           ~~~~~~~~~~~~~~~^^^^^^^^^^^^^^^^^
  File "/root/miniconda3/lib/python3.13/site-packages/torch/nn/modules/module.py", line 1786, in _call_impl
    return forward_call(*args, **kwargs)
  File "/root/miniconda3/lib/python3.13/site-packages/torch/nn/modules/container.py", line 250, in forward
    input = module(input)
  File "/root/miniconda3/lib/python3.13/site-packages/torch/nn/modules/module.py", line 1775, in _wrapped_call_impl
    return self._call_impl(*args, **kwargs)
           ~~~~~~~~~~~~~~~^^^^^^^^^^^^^^^^^
  File "/root/miniconda3/lib/python3.13/site-packages/torch/nn/modules/module.py", line 1786, in _call_impl
    return forward_call(*args, **kwargs)
  File "/root/miniconda3/lib/python3.13/site-packages/torch/nn/modules/batchnorm.py", line 193, in forward
    return F.batch_norm(
           ~~~~~~~~~~~~^
        input,
        ^^^^^^
    ...<11 lines>...
        self.eps,
        ^^^^^^^^^
    )
    ^
  File "/root/miniconda3/lib/python3.13/site-packages/torch/nn/functional.py", line 2813, in batch_norm
    return torch.batch_norm(
           ~~~~~~~~~~~~~~~~^
        input,
        ^^^^^^
    ...<7 lines>...
        torch.backends.cudnn.enabled,
        ^^^^^^^^^^^^^^^^^^^^^^^^^^^^^
    )
    ^
torch.OutOfMemoryError: CUDA out of memory. Tried to allocate 626.00 MiB. GPU 0 has a total capacity of 44.40 GiB of which 235.00 MiB is free. Process 4906 has 30.12 GiB memory in use. Including non-PyTorch memory, this process has 14.03 GiB memory in use. Of the allocated memory 12.81 GiB is allocated by PyTorch, and 437.63 MiB is reserved by PyTorch but unallocated. If reserved but unallocated memory is large try setting PYTORCH_CUDA_ALLOC_CONF=expandable_segments:True to avoid fragmentation.  See documentation for Memory Management  (https://pytorch.org/docs/stable/notes/cuda.html#environment-variables)
