分布式训练: rank=0, world_size=1, local_rank=0
日志文件: logs/train_20260502_032714.log
从epoch 36 恢复训练
Epoch [37/400] 第1批数据获取耗时: 1.71s
Epoch [37/400] Batch [20/925] G: 0.1917 (enc: 0.1115, dec: 0.1870, adv: 1.2949) D: (cover: 0.5184, enc: 0.4421) PSNR: 41.02dB
Epoch [37/400] Batch [40/925] G: 0.1923 (enc: 0.1024, dec: 0.1885, adv: 0.7763) D: (cover: 0.5804, enc: 0.6352) PSNR: 42.52dB
Epoch [37/400] Batch [60/925] G: 0.1886 (enc: 0.0949, dec: 0.1851, adv: 0.7249) D: (cover: 0.7255, enc: 0.5775) PSNR: 43.04dB
Epoch [37/400] Batch [80/925] G: 0.1877 (enc: 0.0976, dec: 0.1840, adv: 0.6779) D: (cover: 0.5361, enc: 0.7253) PSNR: 42.62dB
Epoch [37/400] Batch [100/925] G: 0.1949 (enc: 0.0877, dec: 0.1916, adv: 0.7523) D: (cover: 0.4957, enc: 0.9007) PSNR: 43.01dB
Epoch [37/400] Batch [120/925] G: 0.1936 (enc: 0.0904, dec: 0.1901, adv: 0.7887) D: (cover: 0.5219, enc: 0.7606) PSNR: 42.71dB
Epoch [37/400] Batch [140/925] G: 0.1855 (enc: 0.0925, dec: 0.1820, adv: 0.7557) D: (cover: 0.6372, enc: 0.6506) PSNR: 42.48dB
Epoch [37/400] Batch [160/925] G: 0.2040 (enc: 0.0924, dec: 0.2004, adv: 0.8578) D: (cover: 0.6843, enc: 0.5496) PSNR: 42.24dB
Epoch [37/400] Batch [180/925] G: 0.1906 (enc: 0.0942, dec: 0.1869, adv: 0.9095) D: (cover: 0.5217, enc: 0.5914) PSNR: 41.98dB
Epoch [37/400] Batch [200/925] G: 0.1885 (enc: 0.0873, dec: 0.1851, adv: 0.7978) D: (cover: 0.5301, enc: 0.6656) PSNR: 42.01dB
Epoch [37/400] Batch [220/925] G: 0.1837 (enc: 0.0884, dec: 0.1802, adv: 0.8137) D: (cover: 0.6150, enc: 0.6252) PSNR: 42.12dB
Epoch [37/400] Batch [240/925] G: 0.1785 (enc: 0.0904, dec: 0.1750, adv: 0.7697) D: (cover: 0.7809, enc: 0.4886) PSNR: 42.06dB
Epoch [37/400] Batch [260/925] G: 0.1822 (enc: 0.0897, dec: 0.1787, adv: 0.8084) D: (cover: 0.6491, enc: 0.6216) PSNR: 42.16dB
Epoch [37/400] Batch [280/925] G: 0.1864 (enc: 0.0956, dec: 0.1826, adv: 0.8797) D: (cover: 0.7945, enc: 0.4312) PSNR: 41.80dB
训练异常退出: DataLoader worker (pid 39644) is killed by signal: Terminated. 
Traceback (most recent call last):
  File "/mnt/code/Watermark/train.py", line 485, in train
    run_training(model, discriminator, train_loader, val_loader, loss_fn,
    ~~~~~~~~~~~~^^^^^^^^^^^^^^^^^^^^^^^^^^^^^^^^^^^^^^^^^^^^^^^^^^^^^^^^^
                 optimizer_enc_dec, optimizer_discrim, train_sampler)
                 ^^^^^^^^^^^^^^^^^^^^^^^^^^^^^^^^^^^^^^^^^^^^^^^^^^^^
  File "/mnt/code/Watermark/train.py", line 354, in run_training
    train_avg_loss = train_one_epoch(epoch, model, discriminator, train_loader, loss_fn,
                                     optimizer_enc_dec, optimizer_discrim, train_sampler)
  File "/mnt/code/Watermark/train.py", line 212, in train_one_epoch
    compute_step(model, discriminator, loss_fn, img, msg,
    ~~~~~~~~~~~~^^^^^^^^^^^^^^^^^^^^^^^^^^^^^^^^^^^^^^^^^
                 optimizer_enc_dec=optimizer_enc_dec,
                 ^^^^^^^^^^^^^^^^^^^^^^^^^^^^^^^^^^^^
                 optimizer_discrim=optimizer_discrim)
                 ^^^^^^^^^^^^^^^^^^^^^^^^^^^^^^^^^^^^
  File "/mnt/code/Watermark/train.py", line 164, in compute_step
    optimizer_enc_dec.step()
    ~~~~~~~~~~~~~~~~~~~~~~^^
  File "/root/miniconda3/lib/python3.13/site-packages/torch/optim/optimizer.py", line 517, in wrapper
    out = func(*args, **kwargs)
  File "/root/miniconda3/lib/python3.13/site-packages/torch/optim/optimizer.py", line 82, in _use_grad
    ret = func(*args, **kwargs)
  File "/root/miniconda3/lib/python3.13/site-packages/torch/optim/adam.py", line 247, in step
    adam(
    ~~~~^
        params_with_grad,
        ^^^^^^^^^^^^^^^^^
    ...<19 lines>...
        decoupled_weight_decay=group["decoupled_weight_decay"],
        ^^^^^^^^^^^^^^^^^^^^^^^^^^^^^^^^^^^^^^^^^^^^^^^^^^^^^^^
    )
    ^
  File "/root/miniconda3/lib/python3.13/site-packages/torch/optim/optimizer.py", line 150, in maybe_fallback
    return func(*args, **kwargs)
  File "/root/miniconda3/lib/python3.13/site-packages/torch/optim/adam.py", line 953, in adam
    func(
    ~~~~^
        params,
        ^^^^^^^
    ...<17 lines>...
        decoupled_weight_decay=decoupled_weight_decay,
        ^^^^^^^^^^^^^^^^^^^^^^^^^^^^^^^^^^^^^^^^^^^^^^
    )
    ^
  File "/root/miniconda3/lib/python3.13/site-packages/torch/optim/adam.py", line 759, in _multi_tensor_adam
    1 - beta1 ** _get_value(step) for step in device_state_steps
                 ~~~~~~~~~~^^^^^^
  File "/root/miniconda3/lib/python3.13/site-packages/torch/optim/optimizer.py", line 97, in _get_value
    return x.item() if isinstance(x, torch.Tensor) else x
           ~~~~~~^^
  File "/root/miniconda3/lib/python3.13/site-packages/torch/utils/data/_utils/signal_handling.py", line 73, in handler
    _error_if_any_worker_fails()
    ~~~~~~~~~~~~~~~~~~~~~~~~~~^^
RuntimeError: DataLoader worker (pid 39644) is killed by signal: Terminated. 
